// Jest Snapshot v1, https://goo.gl/fbAQLP

exports[`Footer renders correctly 1`] = `
Array [
  " ",
  <form
    action="/searchresult"
    onSubmit={[Function]}
  >
    <div
      className="grid grid-cols-9 rounded-full border border-blue justify-center shadow-md hover:shadow-none transition duration-300 ease-in "
    >
      <select
        className="bg-white pl-1 shadow py-2 rounded-l-full col-span-2 text-sm text-darkBlue focus:outline-none hover:bg-grey transition duration-300 ease-in"
        onChange={[Function]}
      >
        <option
          className="bg-white"
        >
          searchform.all
           
        </option>
        <option
          className="bg-white"
        >
          searchform.free
        </option>
        <option
          className="bg-white"
        >
          searchform.paid
        </option>
        <option
          className="bg-white"
        >
          footer.donated
        </option>
        <option
          className="bg-white"
        >
          footer.crafted
        </option>
        <option
          className="bg-white"
        >
          footer.used
        </option>
      </select>
      <input
        className="focus:outline-none pl-3 col-span-6 bg-pureWhite  text-center   text-xl "
        name="word"
        onInput={[Function]}
        placeholder="Search"
        type="text"
      />
      <button
        className="bg-pureWhite text-darkBlue   text-xl rounded-r-full focus:outline-none hover:bg-grey transition duration-300 ease-in"
        type="submit"
      >
        <svg
          aria-hidden="true"
          className="svg-inline--fa fa-search-plus fa-w-16 p-1  "
          data-icon="search-plus"
          data-prefix="fas"
          focusable="false"
          role="img"
          style={Object {}}
          viewBox="0 0 512 512"
          xmlns="http://www.w3.org/2000/svg"
        >
          <path
            d="M304 192v32c0 6.6-5.4 12-12 12h-56v56c0 6.6-5.4 12-12 12h-32c-6.6 0-12-5.4-12-12v-56h-56c-6.6 0-12-5.4-12-12v-32c0-6.6 5.4-12 12-12h56v-56c0-6.6 5.4-12 12-12h32c6.6 0 12 5.4 12 12v56h56c6.6 0 12 5.4 12 12zm201 284.7L476.7 505c-9.4 9.4-24.6 9.4-33.9 0L343 405.3c-4.5-4.5-7-10.6-7-17V372c-35.3 27.6-79.7 44-128 44C93.1 416 0 322.9 0 208S93.1 0 208 0s208 93.1 208 208c0 48.3-16.4 92.7-44 128h16.3c6.4 0 12.5 2.5 17 7l99.7 99.7c9.3 9.4 9.3 24.6 0 34zM344 208c0-75.2-60.8-136-136-136S72 132.8 72 208s60.8 136 136 136 136-60.8 136-136z"
            fill="currentColor"
            style={Object {}}
          />
        </svg>
      </button>
    </div>
  </form>,
  " ",
]
`;
