// Jest Snapshot v1, https://goo.gl/fbAQLP

exports[`Secondary Navbar  1`] = `
<ul
  className="flex overflow-x-auto whitespace-nowrap p-2 justify-items-center border-b border-grey text-center shadow "
>
  <li
    className="flex-1"
  >
    <a
      aria-current={null}
      className=" hover:text-darkBlue px-3 py-2 rounded-md text-sm font-medium"
      href="/undefined"
      onClick={[Function]}
    />
  </li>
  <li
    className="flex-1"
  >
    <a
      aria-current={null}
      className=" hover:text-darkBlue px-3 py-2 rounded-md text-sm font-medium"
      href="/undefined"
      onClick={[Function]}
    />
  </li>
  <li
    className="flex-1"
  >
    <a
      aria-current={null}
      className=" hover:text-darkBlue px-3 py-2 rounded-md text-sm font-medium"
      href="/undefined"
      onClick={[Function]}
    />
  </li>
  <li
    className="flex-1"
  >
    <a
      aria-current={null}
      className=" hover:text-darkBlue px-3 py-2 rounded-md text-sm font-medium"
      href="/undefined"
      onClick={[Function]}
    />
  </li>
  <li
    className="flex-1"
  >
    <a
      aria-current={null}
      className=" hover:text-darkBlue px-3 py-2 rounded-md text-sm font-medium"
      href="/undefined"
      onClick={[Function]}
    />
  </li>
  <li
    className="flex-1"
  >
    <a
      aria-current={null}
      className=" hover:text-darkBlue px-3 py-2 rounded-md text-sm font-medium"
      href="/undefined"
      onClick={[Function]}
    />
  </li>
  <li
    className="flex-1"
  >
    <a
      aria-current={null}
      className=" hover:text-darkBlue px-3 py-2 rounded-md text-sm font-medium"
      href="/undefined"
      onClick={[Function]}
    />
  </li>
  <li
    className="flex-1"
  >
    <a
      aria-current={null}
      className=" hover:text-darkBlue px-3 py-2 rounded-md text-sm font-medium"
      href="/undefined"
      onClick={[Function]}
    />
  </li>
  <li
    className="flex-1"
  >
    <a
      aria-current={null}
      className=" hover:text-darkBlue px-3 py-2 rounded-md text-sm font-medium"
      href="/undefined"
      onClick={[Function]}
    />
  </li>
  <li
    className="flex-1"
  >
    <a
      aria-current={null}
      className=" hover:text-darkBlue px-3 py-2 rounded-md text-sm font-medium"
      href="/undefined"
      onClick={[Function]}
    />
  </li>
  <li
    className="flex-1"
  >
    <a
      aria-current={null}
      className=" hover:text-darkBlue px-3 py-2 rounded-md text-sm font-medium"
      href="/undefined"
      onClick={[Function]}
    />
  </li>
</ul>
`;
