// Jest Snapshot v1, https://goo.gl/fbAQLP

exports[`Secondary Navbar  1`] = `
<ul
  className="flex overflow-x-auto whitespace-nowrap p-2 justify-items-center border-b border-grey text-center shadow "
>
  <li
    className="flex-1"
  >
    <a
      aria-current={null}
      className=" hover:text-darkBlue px-3 py-2 rounded-md text-sm font-medium"
      href="/a"
      onClick={[Function]}
    >
      a
    </a>
  </li>
  <li
    className="flex-1"
  >
    <a
      aria-current={null}
      className=" hover:text-darkBlue px-3 py-2 rounded-md text-sm font-medium"
      href="/d"
      onClick={[Function]}
    >
      d
    </a>
  </li>
  <li
    className="flex-1"
  >
    <a
      aria-current={null}
      className=" hover:text-darkBlue px-3 py-2 rounded-md text-sm font-medium"
      href="/d"
      onClick={[Function]}
    >
      d
    </a>
  </li>
  <li
    className="flex-1"
  >
    <a
      aria-current={null}
      className=" hover:text-darkBlue px-3 py-2 rounded-md text-sm font-medium"
      href="/i"
      onClick={[Function]}
    >
      i
    </a>
  </li>
  <li
    className="flex-1"
  >
    <a
      aria-current={null}
      className=" hover:text-darkBlue px-3 py-2 rounded-md text-sm font-medium"
      href="/t"
      onClick={[Function]}
    >
      t
    </a>
  </li>
  <li
    className="flex-1"
  >
    <a
      aria-current={null}
      className=" hover:text-darkBlue px-3 py-2 rounded-md text-sm font-medium"
      href="/e"
      onClick={[Function]}
    >
      e
    </a>
  </li>
  <li
    className="flex-1"
  >
    <a
      aria-current={null}
      className=" hover:text-darkBlue px-3 py-2 rounded-md text-sm font-medium"
      href="/m"
      onClick={[Function]}
    >
      m
    </a>
  </li>
  <li
    className="flex-1"
  >
    <a
      aria-current={null}
      className=" hover:text-darkBlue px-3 py-2 rounded-md text-sm font-medium"
      href="/."
      onClick={[Function]}
    >
      .
    </a>
  </li>
  <li
    className="flex-1"
  >
    <a
      aria-current={null}
      className=" hover:text-darkBlue px-3 py-2 rounded-md text-sm font-medium"
      href="/c"
      onClick={[Function]}
    >
      c
    </a>
  </li>
  <li
    className="flex-1"
  >
    <a
      aria-current={null}
      className=" hover:text-darkBlue px-3 py-2 rounded-md text-sm font-medium"
      href="/a"
      onClick={[Function]}
    >
      a
    </a>
  </li>
  <li
    className="flex-1"
  >
    <a
      aria-current={null}
      className=" hover:text-darkBlue px-3 py-2 rounded-md text-sm font-medium"
      href="/t"
      onClick={[Function]}
    >
      t
    </a>
  </li>
</ul>
`;
